Dataset: BDGP
GPU: True
Cluster number: 5
View number: 2
(2500, 1750)
(2500, 79)
ROUND: 1
Initialization...
ACC:0.4964, NMI:0.3219, ARI:0.2670
ACC:0.8220, NMI:0.7074, ARI:0.5745
Epoch: 0
ACC:0.9584, NMI:0.8792, ARI:0.8993
Epoch: 100
ACC:0.9680, NMI:0.9097, ARI:0.9226
Epoch: 200
ACC:0.9724, NMI:0.9226, ARI:0.9333
Epoch: 300
ACC:0.9732, NMI:0.9264, ARI:0.9353
Epoch: 400
ACC:0.9732, NMI:0.9289, ARI:0.9355
Epoch: 500
ACC:0.9752, NMI:0.9338, ARI:0.9401
Epoch: 600
ACC:0.9744, NMI:0.9335, ARI:0.9384
Epoch: 700
ACC:0.9752, NMI:0.9367, ARI:0.9402
Epoch: 800
ACC:0.9752, NMI:0.9367, ARI:0.9402
Epoch: 900
ACC:0.9752, NMI:0.9367, ARI:0.9402
Epoch: 1000
ACC:0.9752, NMI:0.9367, ARI:0.9402
time: 109.79054737091064
Saving...
[0.9752] 0.9752 0.0
[0.9366680278159839] 0.9366680278159839 0.0
[0.9402322336869903] 0.9402322336869903 0.0
