Dataset: Caltech-6V
GPU: True
Cluster number: 7
View number: 6
(1400, 48)
(1400, 40)
(1400, 254)
(1400, 1984)
(1400, 512)
(1400, 928)
ROUND: 1
Initialization...
ACC:0.3464, NMI:0.1923, ARI:0.1115
ACC:0.4714, NMI:0.3281, ARI:0.2508
ACC:0.5507, NMI:0.3620, ARI:0.2915
ACC:0.9043, NMI:0.8300, ARI:0.8082
ACC:0.5464, NMI:0.4788, ARI:0.3404
ACC:0.5714, NMI:0.4816, ARI:0.3872
Epoch: 0
ACC:0.7921, NMI:0.7143, ARI:0.6477
Epoch: 100
ACC:0.8957, NMI:0.8136, ARI:0.7882
Epoch: 200
ACC:0.9093, NMI:0.8334, ARI:0.8128
Epoch: 300
ACC:0.9207, NMI:0.8520, ARI:0.8352
Epoch: 400
ACC:0.9314, NMI:0.8700, ARI:0.8566
Epoch: 500
ACC:0.9350, NMI:0.8778, ARI:0.8652
Epoch: 600
ACC:0.9386, NMI:0.8843, ARI:0.8725
Epoch: 700
ACC:0.9386, NMI:0.8852, ARI:0.8732
Epoch: 800
ACC:0.9386, NMI:0.8852, ARI:0.8732
Epoch: 900
ACC:0.9379, NMI:0.8845, ARI:0.8720
Epoch: 1000
ACC:0.9386, NMI:0.8857, ARI:0.8733
time: 170.19059872627258
Saving...
[0.9385714285714286] 0.9385714285714286 0.0
[0.8856888718966665] 0.8856888718966665 0.0
[0.8733109272657902] 0.8733109272657902 0.0
