Dataset: NoisyBDGP
GPU: True
Cluster number: 5
View number: 3
(2500, 1750)
(2500, 79)
(2500, 10)
ROUND: 1
Initialization...
ACC:0.4968, NMI:0.3238, ARI:0.2724
ACC:0.8312, NMI:0.7160, ARI:0.5917
ACC:0.2212, NMI:0.0016, ARI:-0.0003
Epoch: 0
ACC:0.9680, NMI:0.8955, ARI:0.9214
Epoch: 100
ACC:0.9800, NMI:0.9328, ARI:0.9508
Epoch: 200
ACC:0.9828, NMI:0.9431, ARI:0.9577
Epoch: 300
ACC:0.9848, NMI:0.9505, ARI:0.9625
Epoch: 400
ACC:0.9852, NMI:0.9522, ARI:0.9635
Epoch: 500
ACC:0.9848, NMI:0.9514, ARI:0.9626
Epoch: 600
ACC:0.9848, NMI:0.9514, ARI:0.9626
Epoch: 700
ACC:0.9852, NMI:0.9527, ARI:0.9635
Epoch: 800
ACC:0.9852, NMI:0.9527, ARI:0.9635
Epoch: 900
ACC:0.9852, NMI:0.9527, ARI:0.9635
Epoch: 1000
ACC:0.9852, NMI:0.9527, ARI:0.9635
time: 152.5198848247528
Saving...
[0.9852] 0.9852 0.0
[0.9526777699414983] 0.9526777699414983 0.0
[0.9635278000238624] 0.9635278000238624 0.0
