Dataset: MSRC-v1
GPU: True
Reproducibility seed: 30
Python random seeded: True
NumPy random seeded: True
Torch random seeded: True
KMeans random_state: 30
cuDNN deterministic: True
cuDNN benchmark: False
Cluster number: 7
View number: 5
(210, 24)
(210, 576)
(210, 512)
(210, 256)
(210, 254)
ROUND: 1
Initialization...
ACC:0.2571, NMI:0.1269, ARI:0.0276
ACC:0.5095, NMI:0.3829, ARI:0.2381
ACC:0.4857, NMI:0.3833, ARI:0.2398
ACC:0.3857, NMI:0.3077, ARI:0.1555
ACC:0.4476, NMI:0.3402, ARI:0.1888
Epoch: 0
ACC:0.6095, NMI:0.5266, ARI:0.3977
Epoch: 100
ACC:0.6905, NMI:0.5974, ARI:0.4974
Epoch: 200
ACC:0.7714, NMI:0.6428, ARI:0.5742
Epoch: 300
ACC:0.7952, NMI:0.6921, ARI:0.6242
Epoch: 400
ACC:0.7905, NMI:0.6994, ARI:0.6188
Epoch: 500
ACC:0.7905, NMI:0.6910, ARI:0.6211
Epoch: 600
ACC:0.7905, NMI:0.6910, ARI:0.6211
Epoch: 700
ACC:0.7905, NMI:0.6910, ARI:0.6211
Epoch: 800
ACC:0.7952, NMI:0.7017, ARI:0.6316
Epoch: 900
ACC:0.7905, NMI:0.6932, ARI:0.6207
Epoch: 1000
ACC:0.7857, NMI:0.6908, ARI:0.6178
time: 41.0413932800293
Saving...
[0.7857142857142857] 0.7857142857142857 0.0
[0.6908059371182697] 0.6908059371182697 0.0
[0.6177594076279653] 0.6177594076279653 0.0
