Dataset: MSRC-v1
GPU: True
Cluster number: 7
View number: 5
(210, 24)
(210, 576)
(210, 512)
(210, 256)
(210, 254)
ROUND: 1
Initialization...
ACC:0.3667, NMI:0.2184, ARI:0.1024
ACC:0.5095, NMI:0.3946, ARI:0.2481
ACC:0.4714, NMI:0.3855, ARI:0.2411
ACC:0.3905, NMI:0.3105, ARI:0.1649
ACC:0.4810, NMI:0.3706, ARI:0.2223
Epoch: 0
ACC:0.6238, NMI:0.5321, ARI:0.4008
Epoch: 100
ACC:0.7571, NMI:0.6454, ARI:0.5368
Epoch: 200
ACC:0.7571, NMI:0.6507, ARI:0.5486
Epoch: 300
ACC:0.7810, NMI:0.7166, ARI:0.6398
Epoch: 400
ACC:0.7905, NMI:0.7234, ARI:0.6551
Epoch: 500
ACC:0.7905, NMI:0.7253, ARI:0.6569
Epoch: 600
ACC:0.8190, NMI:0.7485, ARI:0.6867
Epoch: 700
ACC:0.8190, NMI:0.7509, ARI:0.6863
Epoch: 800
ACC:0.8238, NMI:0.7559, ARI:0.6940
Epoch: 900
ACC:0.8048, NMI:0.7442, ARI:0.6764
Epoch: 1000
ACC:0.8048, NMI:0.7442, ARI:0.6764
time: 39.69396996498108
Saving...
[0.8047619047619048] 0.8047619047619048 0.0
[0.7442196360646286] 0.7442196360646286 0.0
[0.6764135300430801] 0.6764135300430801 0.0
