Dataset: MSRC-v1
GPU: True
Cluster number: 7
View number: 5
(210, 24)
(210, 576)
(210, 512)
(210, 256)
(210, 254)
ROUND: 1
Initialization...
ACC:0.3095, NMI:0.2077, ARI:0.0867
ACC:0.4714, NMI:0.3627, ARI:0.2276
ACC:0.4476, NMI:0.3129, ARI:0.1905
ACC:0.3810, NMI:0.3376, ARI:0.1953
ACC:0.4381, NMI:0.3628, ARI:0.2131
Epoch: 0
ACC:0.5762, NMI:0.4649, ARI:0.3520
Epoch: 1
ACC:0.5762, NMI:0.4754, ARI:0.3652
Epoch: 2
ACC:0.5476, NMI:0.4372, ARI:0.3096
time: 5.812065124511719
Saving...
[np.float64(0.5476190476190477)] 0.5476190476190477 0.0
[0.4372288446353143] 0.4372288446353143 0.0
[0.3095640371527479] 0.3095640371527479 0.0
