Dataset: MSRC-v1
GPU: True
Cluster number: 7
View number: 5
(210, 24)
(210, 576)
(210, 512)
(210, 256)
(210, 254)
ROUND: 1
Initialization...
ACC:0.3333, NMI:0.2173, ARI:0.0959
ACC:0.4524, NMI:0.3498, ARI:0.2167
ACC:0.4476, NMI:0.3196, ARI:0.1915
ACC:0.3810, NMI:0.3407, ARI:0.1990
ACC:0.4381, NMI:0.3625, ARI:0.2107
Epoch: 0
ACC:0.5905, NMI:0.4738, ARI:0.3563
Epoch: 1
ACC:0.5952, NMI:0.4603, ARI:0.3425
Epoch: 2
ACC:0.5190, NMI:0.3952, ARI:0.2652
time: 7.759359121322632
Saving...
[0.5190476190476191] 0.5190476190476191 0.0
[0.3952048033491857] 0.3952048033491857 0.0
[0.26516936093771654] 0.26516936093771654 0.0
