Dataset: MSRC-v1
GPU: True
Reproducibility seed: 50
Python random seeded: True
NumPy random seeded: True
Torch random seeded: True
KMeans random_state: 50
cuDNN deterministic: True
cuDNN benchmark: False
Cluster number: 7
View number: 5
(210, 24)
(210, 576)
(210, 512)
(210, 256)
(210, 254)
ROUND: 1
Initialization...
ACC:0.2524, NMI:0.1230, ARI:0.0257
ACC:0.5238, NMI:0.3965, ARI:0.2510
ACC:0.5476, NMI:0.4550, ARI:0.3258
ACC:0.3667, NMI:0.3025, ARI:0.1461
ACC:0.4810, NMI:0.3960, ARI:0.2354
Epoch: 0
ACC:0.6095, NMI:0.5163, ARI:0.3921
Epoch: 100
ACC:0.6381, NMI:0.5357, ARI:0.4139
Epoch: 200
ACC:0.7667, NMI:0.6278, ARI:0.5420
Epoch: 300
ACC:0.7762, NMI:0.6600, ARI:0.5733
Epoch: 400
ACC:0.7952, NMI:0.6960, ARI:0.6190
Epoch: 500
ACC:0.8286, NMI:0.7421, ARI:0.6777
Epoch: 600
ACC:0.8190, NMI:0.7345, ARI:0.6696
Epoch: 700
ACC:0.8143, NMI:0.7375, ARI:0.6684
Epoch: 800
ACC:0.8190, NMI:0.7448, ARI:0.6747
Epoch: 900
ACC:0.8238, NMI:0.7508, ARI:0.6833
Epoch: 1000
ACC:0.8238, NMI:0.7508, ARI:0.6833
time: 41.49447989463806
Saving...
[0.8238095238095238] 0.8238095238095238 0.0
[0.7507929604282755] 0.7507929604282755 0.0
[0.6833330502664255] 0.6833330502664255 0.0
