Dataset: MSRC-v1
GPU: True
Cluster number: 7
View number: 5
(210, 24)
(210, 576)
(210, 512)
(210, 256)
(210, 254)
ROUND: 1
Initialization...
ACC:0.3667, NMI:0.2184, ARI:0.1024
ACC:0.5286, NMI:0.3991, ARI:0.2521
ACC:0.4714, NMI:0.3801, ARI:0.2396
ACC:0.3857, NMI:0.3191, ARI:0.1673
ACC:0.4810, NMI:0.3693, ARI:0.2218
Epoch: 0
ACC:0.6238, NMI:0.5355, ARI:0.4076
Epoch: 100
ACC:0.7857, NMI:0.6742, ARI:0.5971
Epoch: 200
ACC:0.7905, NMI:0.6907, ARI:0.6158
Epoch: 300
ACC:0.8238, NMI:0.7499, ARI:0.6755
Epoch: 400
ACC:0.8333, NMI:0.7693, ARI:0.6999
Epoch: 500
ACC:0.8333, NMI:0.7658, ARI:0.7024
Epoch: 600
ACC:0.8333, NMI:0.7658, ARI:0.7024
Epoch: 700
ACC:0.8333, NMI:0.7656, ARI:0.7018
Epoch: 800
ACC:0.8333, NMI:0.7631, ARI:0.6999
Epoch: 900
ACC:0.8333, NMI:0.7728, ARI:0.7079
Epoch: 1000
ACC:0.8286, NMI:0.7673, ARI:0.7031
time: 41.50402283668518
Saving...
[0.8285714285714286] 0.8285714285714286 0.0
[0.7672960123058657] 0.7672960123058657 0.0
[0.7031364111347199] 0.7031364111347199 0.0
