Dataset: MSRC-v1
GPU: True
Reproducibility seed: 20
Python random seeded: True
NumPy random seeded: True
Torch random seeded: True
KMeans random_state: 20
cuDNN deterministic: True
cuDNN benchmark: False
Cluster number: 7
View number: 5
(210, 24)
(210, 576)
(210, 512)
(210, 256)
(210, 254)
ROUND: 1
Initialization...
ACC:0.3667, NMI:0.2184, ARI:0.1024
ACC:0.5048, NMI:0.3833, ARI:0.2420
ACC:0.4667, NMI:0.3815, ARI:0.2327
ACC:0.3905, NMI:0.3105, ARI:0.1649
ACC:0.4810, NMI:0.3693, ARI:0.2218
Epoch: 0
ACC:0.6333, NMI:0.5490, ARI:0.4182
Epoch: 100
ACC:0.7143, NMI:0.6036, ARI:0.4937
Epoch: 200
ACC:0.7810, NMI:0.6919, ARI:0.6059
Epoch: 300
ACC:0.7952, NMI:0.7133, ARI:0.6450
Epoch: 400
ACC:0.7952, NMI:0.7119, ARI:0.6444
Epoch: 500
ACC:0.8333, NMI:0.7461, ARI:0.6885
Epoch: 600
ACC:0.8333, NMI:0.7461, ARI:0.6885
Epoch: 700
ACC:0.8429, NMI:0.7621, ARI:0.7076
Epoch: 800
ACC:0.8429, NMI:0.7658, ARI:0.7117
Epoch: 900
ACC:0.8429, NMI:0.7658, ARI:0.7117
Epoch: 1000
ACC:0.8190, NMI:0.7588, ARI:0.6956
time: 41.53372931480408
Saving...
[0.819047619047619] 0.819047619047619 0.0
[0.7588368881918264] 0.7588368881918264 0.0
[0.6955921809122269] 0.6955921809122269 0.0
